---
source: tests/output_snapshots.rs
expression: stdout
---
+----------+---------------+-------------------+----------------------+--------+
| id       | title         | owner             | updated_at           | cached |
+----------+---------------+-------------------+----------------------+--------+
| not_mint | Mint Planning | chris@example.com | 2026-06-09T00:00:00Z | full   |
+----------+---------------+-------------------+----------------------+--------+
